Winner: 1
Reason: All flags of the opponent are captured

 p        
 p        
 pSF      
          
          
          
          
          
          
          
