Winner: 0
Reason: Bad Positioning input file for both players - player 1: line 5, player 2: line 7

          
          
          
          
          
          
          
          
          
          
