Winner: 1
Reason: All flags of the opponent are captured

 R        
          
    j     
          
    pb    
     J    
 FB       
          
          
          
