Winner: 0
Reason: A tie - all flags are eaten by both players in the position files

S         
 s        
          
          
          
          
          
          
          
          
