Winner: 0
Reason: A tie - both Moves input files done without a winner

 p        
pSp       
 pfF      
          
          
          
          
          
          
          
