Winner: 2
Reason: All flags of the opponent are captured

Rp        
p    P    
  P       
    Sr P  
  Rp      
    Ps    
       r  
p      BJ 
bp     j  
fb     J  
