Winner: 2
Reason: Bad Moves input file for player 1 - line 2

 p        
p    P    
  P       
    Sr P  
  Rp      
    Ps    
     P r  
p         
bp   jBFJ 
fb     J  
