Winner: 2
Reason: Bad Moves input file for player 1 - line 1

Rp        
p    P    
  P       
    Sr P  
  Rp      
    Ps    
     P r  
p     jB  
bp     FJ 
fb     J  
