Winner: 1
Reason: Bad Positioning input file for player 2 - line 13

          
          
          
          
          
          
          
          
          
          
