Winner: 1
Reason: Bad Moves input file for player 2 - line 1

Rp        
p    P    
  P       
    Sr P  
  Rp      
    Ps    
       r  
p    PjB  
bp   jBFJ 
fb     J  
